    Finished `dev` profile [unoptimized + debuginfo] target(s) in 0.18s
     Running `tests/rust-vm-validation/target/debug/v1_production_e2e_full_lifecycle_test`
DIRECT PUB(crate) CALL NOT EXPOSED; SOURCE-PARITY LOCAL PASS; REAL NODE HEADER ACCEPTANCE -> TN10 validation
TX REFUND ROUND CREATE id=e4dfce2a3501c271d2aef94b945840fee7e68f1b4a29e61ddd80e5e3abdf4da5 inputs=1 fee=10000000 floor=208300 compute=2083 transient=1412 storage=202778 committed VM PASS
TX CONNECTED REFUND CLOSE id=63f1ab2b27e196fecabdff69f7d19bce0b849cb1a97d54d0b6d437cfc8b12212 inputs=2 fee=10000000 floor=2328800 compute=17364 transient=46576 storage=0 committed VM PASS
CANONICAL CREATE -> 0 BUY -> CLOSE -> [] REFUND/EMPTY PASS
TX REFUND ROUND CREATE id=88c182bda6fcd06674a26640f8dd833ca614c84c418fe69bd4011511485d51d1 inputs=1 fee=10000000 floor=208300 compute=2083 transient=1412 storage=202778 committed VM PASS
TX CONNECTED REFUND BUY id=bc181ff6afc4e2b25b5ff4724a2897ffd88302632350efd2ccf61a2728844849 inputs=2 fee=10000000 floor=2522800 compute=18344 transient=50456 storage=3536 committed VM PASS
TX CONNECTED REFUND CLOSE id=b64136445c354ac675e9d0e0c1b9f4a280364a86f48885de4792c5c1d8eec30b inputs=2 fee=10000000 floor=2343000 compute=17445 transient=46860 storage=3536 committed VM PASS
TX CONNECTED REFUND BATCH id=6baa50e789269147c5708b1e73dc3bec2e7ea4d2fbc50ebb59411681f45478fe inputs=1 fee=1320600 floor=1320600 compute=11323 transient=26412 storage=26800 committed VM PASS
connected P=1 cursor=0 k=1 storage=26800 fee=1320600 floor=1320600
CANONICAL CREATE -> 1 BUY -> CLOSE -> [1] REFUND/EMPTY PASS
TX REFUND ROUND CREATE id=f4445af1e57ab01739d8e2733279b50e799548187c88c067c61ee857f6f3cdb7 inputs=1 fee=10000000 floor=208300 compute=2083 transient=1412 storage=202778 committed VM PASS
TX CONNECTED REFUND BUY id=c4fddb387c9df152eaa055dbcc93256f9183b35fe07ee25a22ac0ce54bce4ca3 inputs=2 fee=10000000 floor=2522800 compute=18344 transient=50456 storage=3536 committed VM PASS
TX CONNECTED REFUND BUY id=e3e891f5f044fa3f40543c4bd317da428a99c52df02dc29ecfb452c6fba997fc inputs=2 fee=10000000 floor=2530000 compute=18380 transient=50600 storage=1167 committed VM PASS
TX CONNECTED REFUND BUY id=c4c1b0fc21ee8d7a935e0ef3bc0db3e4f6eaa80b574060aaf11edb60f70445f5 inputs=2 fee=10000000 floor=2537200 compute=18416 transient=50744 storage=2185 committed VM PASS
TX CONNECTED REFUND BUY id=a2c4a403e3eb305ff468db8ad65b9fc481990de988b7413cdf4b64a2c3afb7c2 inputs=2 fee=10000000 floor=2544600 compute=18453 transient=50892 storage=3327 committed VM PASS
TX CONNECTED REFUND BUY id=66a584914994a76a8c5d2e5fbf12657c3950dc3ae55a7cb9673e190cf326fb1d inputs=2 fee=10000000 floor=2551800 compute=18489 transient=51036 storage=4289 committed VM PASS
TX CONNECTED REFUND BUY id=9e60f0b1dbfba1446ae6e080141b2c3b24896176f228cb74e1a55a4f14fa6dd8 inputs=2 fee=10000000 floor=2559000 compute=18525 transient=51180 storage=5064 committed VM PASS
TX CONNECTED REFUND BUY id=b9ea6fcc2ba383914a60c301ed5341d6010d7c7b14de6ac747b69c66260b4a6a inputs=2 fee=10000000 floor=2566200 compute=18561 transient=51324 storage=5692 committed VM PASS
TX CONNECTED REFUND BUY id=a61bb49f97c55dfb9519bdcfcbe4ba1c71d3342449e42757215b371b532b9e21 inputs=2 fee=10000000 floor=2573400 compute=18597 transient=51468 storage=6209 committed VM PASS
TX CONNECTED REFUND BUY id=9bc1f14dbe0ee3a90aa4b8d578398da8ba5e279f8a01c44e54475591e0144287 inputs=2 fee=10000000 floor=2580800 compute=18634 transient=51616 storage=6635 committed VM PASS
TX CONNECTED REFUND BUY id=07ef34f05b1d973d2959b1fc319bddc8caa8758a2df9a069e80e33a5248a975f inputs=2 fee=10000000 floor=2588000 compute=18670 transient=51760 storage=6998 committed VM PASS
TX CONNECTED REFUND BUY id=9d7a28d513f5023d95e9b60e90c62b9eb27ceef20572a7b67b9ae9d8fba782ea inputs=2 fee=10000000 floor=2595200 compute=18706 transient=51904 storage=7305 committed VM PASS
TX CONNECTED REFUND BUY id=a6e1d0b2498c4db37795188c777a27dc228b47a8ccffbb4a834d42aae54f1897 inputs=2 fee=10000000 floor=2602400 compute=18742 transient=52048 storage=7573 committed VM PASS
TX CONNECTED REFUND BUY id=d7a81256ed1cec2d02510c15457479dc2b9274c63699b08ade2a1008c444870a inputs=2 fee=10000000 floor=2609600 compute=18778 transient=52192 storage=7805 committed VM PASS
TX CONNECTED REFUND BUY id=408b5e72d25deeaba6d2458af1d35788a9d9c1c15d4f83ee7d8112329324eadc inputs=2 fee=10000000 floor=2616800 compute=18814 transient=52336 storage=8008 committed VM PASS
TX CONNECTED REFUND BUY id=ce0fd0c6971a557e62055bbb8cccd8cbe5be7688bdcb1f1969b8de7e7fe45706 inputs=2 fee=10000000 floor=2624000 compute=18850 transient=52480 storage=8189 committed VM PASS
TX CONNECTED REFUND BUY id=d81c2b47696f0f607b19079eea4e2b5e29d99333e6bb48559ef05605c50accdd inputs=2 fee=10000000 floor=2631200 compute=18886 transient=52624 storage=8348 committed VM PASS
TX CONNECTED REFUND BUY id=a69c99e5c8c5c4c8fb663318b57cecfec1413345a7d9af45e8fb943e85024d0e inputs=2 fee=10000000 floor=2638400 compute=18922 transient=52768 storage=8492 committed VM PASS
TX CONNECTED REFUND CLOSE id=7dc66330530aa0121f36b115e58ebebc1af81b78cb2426463a83e3108421b151 inputs=2 fee=10000000 floor=2458600 compute=18023 transient=49172 storage=8492 committed VM PASS
TX CONNECTED REFUND BATCH id=99afe3b68e83acb13355f1d14edc3c9442cb320870da4ad8ae9eb14f89f09888 inputs=1 fee=1540800 floor=1540800 compute=15314 transient=30816 storage=92707 committed VM PASS
connected P=17 cursor=0 k=9 storage=92707 fee=1540800 floor=1540800
TX CONNECTED REFUND BATCH id=4e0737fcfb57d9af0d1ae5bf6f1dc58127942c0fd90db108675ab4171b7c2651 inputs=1 fee=1521600 floor=1521600 compute=14848 transient=30432 storage=125274 committed VM PASS
connected P=17 cursor=9 k=8 storage=125274 fee=1521600 floor=1521600
CANONICAL CREATE -> 17 BUY -> CLOSE -> [9, 8] REFUND/EMPTY PASS
TX REFUND ROUND CREATE id=c0a48ee3e174353dca2be4a62a7b09e4acc15355abe349841ce269b6c1f449c3 inputs=1 fee=10000000 floor=208300 compute=2083 transient=1412 storage=202778 committed VM PASS
TX CONNECTED REFUND BUY id=ed5c11db715e9337c5d54425e67f2afc8e958f46fcdb32662e304cca5e713567 inputs=2 fee=10000000 floor=2522800 compute=18344 transient=50456 storage=3536 committed VM PASS
TX CONNECTED REFUND BUY id=ad4056c2fbd2dc748db79768e3b4514eaa4849cec29ade9a1afaadb4c4e702dc inputs=2 fee=10000000 floor=2530000 compute=18380 transient=50600 storage=1167 committed VM PASS
TX CONNECTED REFUND BUY id=f2c8ccb5597a00ca55dfc691126b616cd71a29ea0465e20e8d6f0033f3126239 inputs=2 fee=10000000 floor=2537200 compute=18416 transient=50744 storage=2185 committed VM PASS
TX CONNECTED REFUND BUY id=06c51b9cc2d6d48671ee7bf55506c71164ce4ad1ebc919fe9989876d61a217d8 inputs=2 fee=10000000 floor=2544600 compute=18453 transient=50892 storage=3327 committed VM PASS
TX CONNECTED REFUND BUY id=c6b685d024602fc2833cee55512433bd3f0583e0ffed126bb29ec2f15fed2dd2 inputs=2 fee=10000000 floor=2551800 compute=18489 transient=51036 storage=4289 committed VM PASS
TX CONNECTED REFUND BUY id=f01b22576a26ca04b78a00ed4ab7c8de755734a8f2028364991885b0ff2d5c20 inputs=2 fee=10000000 floor=2559000 compute=18525 transient=51180 storage=5064 committed VM PASS
TX CONNECTED REFUND BUY id=0c4c84656ccfac158270cf8e9216ff1e9713756d249056f22b8c371ae2d8138f inputs=2 fee=10000000 floor=2566200 compute=18561 transient=51324 storage=5692 committed VM PASS
TX CONNECTED REFUND BUY id=313a1b491283c3b7870ca952831e9576f7021d2a4521c3e47676f166926ba2e1 inputs=2 fee=10000000 floor=2573400 compute=18597 transient=51468 storage=6209 committed VM PASS
TX CONNECTED REFUND BUY id=40672a7826e9c942f123a03eb70de1b27d058db5bd18cc546db7bd4bbc812c04 inputs=2 fee=10000000 floor=2580800 compute=18634 transient=51616 storage=6635 committed VM PASS
TX CONNECTED REFUND BUY id=e855258003a8ba4f6851897e674866cb8505336acd5dc6ad41ea7c08eb6026ae inputs=2 fee=10000000 floor=2588000 compute=18670 transient=51760 storage=6998 committed VM PASS
TX CONNECTED REFUND BUY id=a181372fa6f639d87a221a5f24baefb4e020ff1d4fb1bffbd2f6c16aee93f8be inputs=2 fee=10000000 floor=2595200 compute=18706 transient=51904 storage=7305 committed VM PASS
TX CONNECTED REFUND BUY id=cb5e15ecf8e8248025c0772cde3b3ba70a0eedb6e477a6eef0838015a86841ef inputs=2 fee=10000000 floor=2602400 compute=18742 transient=52048 storage=7573 committed VM PASS
TX CONNECTED REFUND BUY id=ab298ce64a165a9ae06b378301e870369972318228ff0d8df602864e455dc2d6 inputs=2 fee=10000000 floor=2609600 compute=18778 transient=52192 storage=7805 committed VM PASS
TX CONNECTED REFUND BUY id=355973d552b0e48501e87a4db9d10b4c4a39c319f1eafdf8cd02ae8976e012ac inputs=2 fee=10000000 floor=2616800 compute=18814 transient=52336 storage=8008 committed VM PASS
TX CONNECTED REFUND BUY id=bcd8a291727bb25dcbddf3728bea60295c95c4c55aaa9181bab74dda7d2df06b inputs=2 fee=10000000 floor=2624000 compute=18850 transient=52480 storage=8189 committed VM PASS
TX CONNECTED REFUND BUY id=790218f8fb7ba176fadac58f670a577f34eac7d99a4432ccf1c4ea045bcd2e3f inputs=2 fee=10000000 floor=2631200 compute=18886 transient=52624 storage=8348 committed VM PASS
TX CONNECTED REFUND BUY id=1b768f16a949f36077ac3f17632b6eb295ca0c805249c313a87531edd262f75b inputs=2 fee=10000000 floor=2638400 compute=18922 transient=52768 storage=8492 committed VM PASS
TX CONNECTED REFUND BUY id=80415f601d1212cf7e015ee75b7048e24bf34dba9affda9e1092b43ea5add83a inputs=2 fee=10000000 floor=2645600 compute=18958 transient=52912 storage=8622 committed VM PASS
TX CONNECTED REFUND BUY id=5502a62aecaff4c04d4886da1fe137091267f04c5b7742ec92f54c2115c200a4 inputs=2 fee=10000000 floor=2652800 compute=18994 transient=53056 storage=8739 committed VM PASS
TX CONNECTED REFUND BUY id=1529dcd819af63ae9c6d20526ede188d62924f5d947c57e883f28697484b1f4a inputs=2 fee=10000000 floor=2660000 compute=19030 transient=53200 storage=8846 committed VM PASS
TX CONNECTED REFUND BUY id=753e3da5c5b1025a6cb89cd3c1bdf0a763321f88545b1549fa2ed099d5e40b17 inputs=2 fee=10000000 floor=2667200 compute=19066 transient=53344 storage=8944 committed VM PASS
TX CONNECTED REFUND BUY id=70e07e4db09a68bf69fa7460dffd4cb91c315ea9d0d4be5d61f77cd1cd8332e0 inputs=2 fee=10000000 floor=2674400 compute=19102 transient=53488 storage=9033 committed VM PASS
TX CONNECTED REFUND BUY id=22c7ba8babb1410c64e01129316e71459e2f5c1c06108bb55048ccc1dac1c5ac inputs=2 fee=10000000 floor=2681600 compute=19138 transient=53632 storage=9118 committed VM PASS
TX CONNECTED REFUND BUY id=8fc3e7e509eb66bbe21c12a03329f0c1037f33a9b0637dd2f788412ca4b82ec3 inputs=2 fee=10000000 floor=2688800 compute=19174 transient=53776 storage=9193 committed VM PASS
TX CONNECTED REFUND BUY id=a862c6df10c004f6301c4f24d404b767a0e25f1274e0497273c295fd3fc6c640 inputs=2 fee=10000000 floor=2696000 compute=19210 transient=53920 storage=9263 committed VM PASS
TX CONNECTED REFUND BUY id=7e85271a176de5f174497957b965d2ba1c6e8ef8ec5c1e79e588692944b4393c inputs=2 fee=10000000 floor=2703200 compute=19246 transient=54064 storage=9331 committed VM PASS
TX CONNECTED REFUND BUY id=22fdc5547e2fad428e8568cb54c26d6c27d95b9c702106f985555a31047ead85 inputs=2 fee=10000000 floor=2710400 compute=19282 transient=54208 storage=9392 committed VM PASS
TX CONNECTED REFUND BUY id=562d3d41c539e1e5453aa4eb78592b3d165b63fb8b97cf73ad137c764f345292 inputs=2 fee=10000000 floor=2717600 compute=19318 transient=54352 storage=9448 committed VM PASS
TX CONNECTED REFUND BUY id=f0546fef19628dae7d38f5309fcd7d99d4ed71d3713009b37d5258f43c84fa02 inputs=2 fee=10000000 floor=2724800 compute=19354 transient=54496 storage=9501 committed VM PASS
TX CONNECTED REFUND BUY id=a8e5dd1e4d498841bb9f9d1ac2bda69c36aab8ca021985fbe9232d220d8ad606 inputs=2 fee=10000000 floor=2732000 compute=19390 transient=54640 storage=9552 committed VM PASS
TX CONNECTED REFUND BUY id=6da95b38cdf49cdf6ae5eb14f81ff5950f12c620165efc4708cb6c697b15cabb inputs=2 fee=10000000 floor=2739200 compute=19426 transient=54784 storage=9600 committed VM PASS
TX CONNECTED REFUND BUY id=53f5fb26d53b3c76ff5335fd6452a8a4d3d37ca3d24a80a13ccf110f7c270169 inputs=2 fee=10000000 floor=2746400 compute=19462 transient=54928 storage=9644 committed VM PASS
TX CONNECTED REFUND BUY id=3cd87a6cba3f99a56a10d7d68a34297eae16ef71e641f6ad35521c079d9d0e9a inputs=2 fee=10000000 floor=2753600 compute=19498 transient=55072 storage=9684 committed VM PASS
TX CONNECTED REFUND BUY id=ec0d0cc093b4a7a2f317941e994b713269367323a5f2d620e52707b351af3ae2 inputs=2 fee=10000000 floor=2760800 compute=19534 transient=55216 storage=9724 committed VM PASS
TX CONNECTED REFUND BUY id=c0c204eed0bf8b96ea4a9c6ce62b06d3da00d0de8580e735cd743e5075a8d9a8 inputs=2 fee=10000000 floor=2768000 compute=19570 transient=55360 storage=9763 committed VM PASS
TX CONNECTED REFUND BUY id=36da551f87ed3d6c528d2726f1bf5c0414e0cf2ec2b5ed0403513a63f42c5468 inputs=2 fee=10000000 floor=2775200 compute=19606 transient=55504 storage=9797 committed VM PASS
TX CONNECTED REFUND BUY id=fb288689815ade73541a5e4a38aad6cfeeb8dd2d646d4f3102b54fb14e3ca793 inputs=2 fee=10000000 floor=2782400 compute=19642 transient=55648 storage=9831 committed VM PASS
TX CONNECTED REFUND BUY id=10ce344df3d428a77339c8fe8fb875c0dbffdff9c4510136844c5e8ad8533e00 inputs=2 fee=10000000 floor=2789600 compute=19678 transient=55792 storage=9863 committed VM PASS
TX CONNECTED REFUND BUY id=afc281080cd1abd307e54ced5eb2091ed5d47b409445e33b5a663f8b482fb9a0 inputs=2 fee=10000000 floor=2796800 compute=19714 transient=55936 storage=9893 committed VM PASS
TX CONNECTED REFUND BUY id=48a2c927d41c3c22b6119bb612c69b227cac5b55274481b1557d0e68d2ce2d29 inputs=2 fee=10000000 floor=2804000 compute=19750 transient=56080 storage=9922 committed VM PASS
TX CONNECTED REFUND BUY id=3e894a20b7d9453a58571d34b7bc375751594388c774443e2ee0b3e7f299a032 inputs=2 fee=10000000 floor=2811200 compute=19786 transient=56224 storage=9951 committed VM PASS
TX CONNECTED REFUND BUY id=6b984383172f0a9c95cf7ae979fbe4f47db8ec8948d1987c5cdb44608a5fccac inputs=2 fee=10000000 floor=2818400 compute=19822 transient=56368 storage=9976 committed VM PASS
TX CONNECTED REFUND BUY id=ea56d2a3bbdb17401fea057c5a12d661f7a2a01f731552355065901ce2337ad1 inputs=2 fee=10000000 floor=2825600 compute=19858 transient=56512 storage=10002 committed VM PASS
TX CONNECTED REFUND BUY id=9b9566e1e600dba87ac7e0cbe1e56e37759e75b0878912ce4943398247c6c016 inputs=2 fee=10000000 floor=2832800 compute=19894 transient=56656 storage=10026 committed VM PASS
TX CONNECTED REFUND BUY id=b630f379df4a29f0f390f95d038f9ec1b55d6360987d4aa9d450ea9745e13981 inputs=2 fee=10000000 floor=2840000 compute=19930 transient=56800 storage=10048 committed VM PASS
TX CONNECTED REFUND BUY id=82cf7fd1a8f75b26fafe0f7f6b3f36675c1be0c418213721fae3e4f3aa6da46f inputs=2 fee=10000000 floor=2847200 compute=19966 transient=56944 storage=10071 committed VM PASS
TX CONNECTED REFUND BUY id=02e111dcd82ff7dae38503c2a0407ab0e388c3133cc086a374b4e662ad644c12 inputs=2 fee=10000000 floor=2854400 compute=20002 transient=57088 storage=10092 committed VM PASS
TX CONNECTED REFUND BUY id=57f3b634f4733bd4d4d12c02bf9508762d0bf39744faa10b7fd4e8ef0428ad46 inputs=2 fee=10000000 floor=2861600 compute=20038 transient=57232 storage=10113 committed VM PASS
TX CONNECTED REFUND BUY id=7c42de22bfbf11c3d16edb3d96190084cb43a699bc3437ccf40854f9940ac787 inputs=2 fee=10000000 floor=2868800 compute=20074 transient=57376 storage=10133 committed VM PASS
TX CONNECTED REFUND BUY id=0fbe8f94a3185fe0f302917a67ce676ef6f7ed39e8f0640be25fb9ad4c259d77 inputs=2 fee=10000000 floor=2876000 compute=20110 transient=57520 storage=10152 committed VM PASS
TX CONNECTED REFUND BUY id=25561e9bb491a2ca47a99c9a99c1cfbcf9e41ebbcb818b7561a8e6f939917f3e inputs=2 fee=10000000 floor=2883200 compute=20146 transient=57664 storage=10170 committed VM PASS
TX CONNECTED REFUND BUY id=2bfeb45be2c00e187930701ee59972933ee9f2042a3040dddbf4442e247e319a inputs=2 fee=10000000 floor=2890400 compute=20182 transient=57808 storage=10188 committed VM PASS
TX CONNECTED REFUND BUY id=5c9f2a1cb4c0d6b4456d42e7027a682d7bcceb858ea6ad7e26f11dcf246c59c1 inputs=2 fee=10000000 floor=2897600 compute=20218 transient=57952 storage=10203 committed VM PASS
TX CONNECTED REFUND BUY id=14bb65beaa62c5bf54b3d8b5075fe23a872b1e154a79720504b4fe498ba6f1fa inputs=2 fee=10000000 floor=2904800 compute=20254 transient=58096 storage=10220 committed VM PASS
TX CONNECTED REFUND BUY id=35f858841fc4cf73a1e0aaaef0f62c4a023032625ba67d6f16344df7a4a4bc36 inputs=2 fee=10000000 floor=2912000 compute=20290 transient=58240 storage=10236 committed VM PASS
TX CONNECTED REFUND BUY id=1da3fb33e3d578dcb1ea9b9715c174fe3f32798b642863aa98350eb682734bf6 inputs=2 fee=10000000 floor=2919200 compute=20326 transient=58384 storage=10250 committed VM PASS
TX CONNECTED REFUND BUY id=e8b7be2223ed037aa2002bcedf3ef4765c6f75cb5e7b3521f57acad35ad85b84 inputs=2 fee=10000000 floor=2926400 compute=20362 transient=58528 storage=10265 committed VM PASS
TX CONNECTED REFUND BUY id=e411f093c06e6bed84fe97b00dce86ca4eb6213c033fa642af326d4fcf358be1 inputs=2 fee=10000000 floor=2933600 compute=20398 transient=58672 storage=10280 committed VM PASS
TX CONNECTED REFUND BUY id=a10cf0f1f0c17f7008e52dac39202f58e3edcc8b39753bee83376b31f51de427 inputs=2 fee=10000000 floor=2940800 compute=20434 transient=58816 storage=10292 committed VM PASS
TX CONNECTED REFUND BUY id=0a09b3c8124df5b06dba4d19c81a7a5d49ca5e440e5e05a4a248eb7430cd7212 inputs=2 fee=10000000 floor=2948000 compute=20470 transient=58960 storage=10305 committed VM PASS
TX CONNECTED REFUND BUY id=3d28eb5f49d4cde337fb249175e6adb8e545624a7fe189d2716e6eac87e9fbb3 inputs=2 fee=10000000 floor=2955200 compute=20506 transient=59104 storage=10318 committed VM PASS
TX CONNECTED REFUND BUY id=7e5d35bf8b42a1e1203c0d65c341aa5b333734d4f79a0616931d253bcb5df8f0 inputs=2 fee=10000000 floor=2962400 compute=20542 transient=59248 storage=10332 committed VM PASS
TX CONNECTED REFUND BUY id=ac30779760461906361764964f08040d613361bff729806f12c853fc5f5643ca inputs=2 fee=10000000 floor=2969600 compute=20578 transient=59392 storage=10342 committed VM PASS
TX CONNECTED REFUND BUY id=c3771723cb9f2afc7979d05ecb528e196fdbae48ad971126c9dc67cdd1618d56 inputs=2 fee=10000000 floor=2976800 compute=20614 transient=59536 storage=10354 committed VM PASS
TX CONNECTED REFUND BUY id=62177b71d386a097b72343e93d1d2fad5601175a415857296dfc2eeaf1775843 inputs=2 fee=10000000 floor=2984000 compute=20650 transient=59680 storage=10365 committed VM PASS
TX CONNECTED REFUND BUY id=7e3f96b2af7e3525a2a52963ac7a8ba76bc1948006f0fef135fa2528869fbcf7 inputs=2 fee=10000000 floor=2991200 compute=20686 transient=59824 storage=10377 committed VM PASS
TX CONNECTED REFUND BUY id=ae20e30ab089cc6a09ab8635a0eb9e78a921ddd037586e3fb0d89843e9d51b48 inputs=2 fee=10000000 floor=2998400 compute=20722 transient=59968 storage=10389 committed VM PASS
TX CONNECTED REFUND BUY id=1fcd7d04de0edd2fe8c6a34031c4e1787078f51dc1bd181f271d79660e83faf9 inputs=2 fee=10000000 floor=3005600 compute=20758 transient=60112 storage=10398 committed VM PASS
TX CONNECTED REFUND BUY id=648a313e27bf6d4dfee9ecad6ffdf1e603cddde68b369402a198011c8529d52b inputs=2 fee=10000000 floor=3012800 compute=20794 transient=60256 storage=10408 committed VM PASS
TX CONNECTED REFUND BUY id=2fb32e7c8d98ec7283b62a4e381a671b51718ad62fbc87316a71286b0e459305 inputs=2 fee=10000000 floor=3020000 compute=20830 transient=60400 storage=10417 committed VM PASS
TX CONNECTED REFUND BUY id=a3c6559ede706825708ffd969d413266579d50229102439ce42303dd47c35603 inputs=2 fee=10000000 floor=3027200 compute=20866 transient=60544 storage=10427 committed VM PASS
TX CONNECTED REFUND BUY id=be9588da26f1f639e37cc66c385f2aa4acc0f43efa8817d6ce65d13d258e66c6 inputs=2 fee=10000000 floor=3034400 compute=20902 transient=60688 storage=10438 committed VM PASS
TX CONNECTED REFUND BUY id=ecca30e1818d55e55fda5c2260a2f1992fbdc1a0d94a9753f915593921dd5c89 inputs=2 fee=10000000 floor=3041600 compute=20938 transient=60832 storage=10445 committed VM PASS
TX CONNECTED REFUND BUY id=7fb83dbfbcf6ac2b4da2ea677871424c45f1912ace995c66bf6dffce8984309f inputs=2 fee=10000000 floor=3048800 compute=20974 transient=60976 storage=10456 committed VM PASS
TX CONNECTED REFUND BUY id=302fe5c0c43d016d62cd096b451130daee44d909afa7d1b21303f264a9ddc8fe inputs=2 fee=10000000 floor=3056000 compute=21010 transient=61120 storage=10463 committed VM PASS
TX CONNECTED REFUND BUY id=e53685a373a0cf86a8e593014ce4a6dc9e18830304421ad7249abd91a140367c inputs=2 fee=10000000 floor=3063200 compute=21046 transient=61264 storage=10471 committed VM PASS
TX CONNECTED REFUND BUY id=549abfa6414e982915b221af1a2525246c64d14c55c3e1f087d47b49f40b97e5 inputs=2 fee=10000000 floor=3070400 compute=21082 transient=61408 storage=10480 committed VM PASS
TX CONNECTED REFUND BUY id=7a00864f8c71ead9c5133e1681865e00cf01ceb2c2a68ae8e33bde79d2421c75 inputs=2 fee=10000000 floor=3077600 compute=21118 transient=61552 storage=10488 committed VM PASS
TX CONNECTED REFUND BUY id=63a3409aa1731ff37c8808a1e09ffb9029c6f49bb3d283019739e85893f83bd3 inputs=2 fee=10000000 floor=3084800 compute=21154 transient=61696 storage=10494 committed VM PASS
TX CONNECTED REFUND BUY id=a0268ec1a5576bb1202aef89926d0963b9323d7bbf67fbec9b71f3be89fc1de5 inputs=2 fee=10000000 floor=3092000 compute=21190 transient=61840 storage=10502 committed VM PASS
TX CONNECTED REFUND BUY id=0209586cef11d0c421475ec70bed72652cb4de817d2ade29cf75983c1b884ce4 inputs=2 fee=10000000 floor=3099200 compute=21226 transient=61984 storage=10511 committed VM PASS
TX CONNECTED REFUND BUY id=db30c0f1ccef6821b7821b91759bf6c45eacc88b82e214b62c8b05767ba6535a inputs=2 fee=10000000 floor=3106400 compute=21262 transient=62128 storage=10517 committed VM PASS
TX CONNECTED REFUND BUY id=10d047b753703f40b8bc99171e28cd7f7871092441192a7a124d096be56a28ec inputs=2 fee=10000000 floor=3113600 compute=21298 transient=62272 storage=10523 committed VM PASS
TX CONNECTED REFUND BUY id=0ecbc704fc0e55447ca3d32ccf58b5e806562dbe0d323ab46605957d44385286 inputs=2 fee=10000000 floor=3120800 compute=21334 transient=62416 storage=10530 committed VM PASS
TX CONNECTED REFUND BUY id=8efe42c427df25fc513aec98c4a56d0255874ab3bbf07f6f02ef912ec5d6c2c1 inputs=2 fee=10000000 floor=3128000 compute=21370 transient=62560 storage=10536 committed VM PASS
TX CONNECTED REFUND BUY id=255c86ede0a47cd2e636dedefd2fbe8dd5115657e62654766d37539a43dbde57 inputs=2 fee=10000000 floor=3135200 compute=21406 transient=62704 storage=10543 committed VM PASS
TX CONNECTED REFUND BUY id=d0f4f7d796f13f2ed4fb5ce8851986d2cad967287e0b59f22daaa048e6a7390b inputs=2 fee=10000000 floor=3142400 compute=21442 transient=62848 storage=10549 committed VM PASS
TX CONNECTED REFUND BUY id=b5e2fbb12c51e0a77ab9653b20bf968b3d13005687237821e0a97af8c9facec8 inputs=2 fee=10000000 floor=3149600 compute=21478 transient=62992 storage=10556 committed VM PASS
TX CONNECTED REFUND BUY id=2f097c38190c65271d5d08f79e066891cf4d656742bb392733b54e1b25c895c2 inputs=2 fee=10000000 floor=3156800 compute=21514 transient=63136 storage=10563 committed VM PASS
TX CONNECTED REFUND BUY id=4e3a44d15c63bd72e0d8142b3da36f74dabe6389e1184f345af2d91a6b611caf inputs=2 fee=10000000 floor=3164000 compute=21550 transient=63280 storage=10570 committed VM PASS
TX CONNECTED REFUND BUY id=725a69b3acbfc8d238dfc8145e564c6edb1defc145a551e179a1fa2323e7c9b9 inputs=2 fee=10000000 floor=3171200 compute=21586 transient=63424 storage=10574 committed VM PASS
TX CONNECTED REFUND BUY id=41ecb0b38bcf6b1f2cd91e062c37d6d90d784c517f97e7e8f2ff35257ad4c05b inputs=2 fee=10000000 floor=3178400 compute=21622 transient=63568 storage=10581 committed VM PASS
TX CONNECTED REFUND BUY id=95cb9915a63821d7387dd9af0eb7755195025a16591dca220b30230fe216902d inputs=2 fee=10000000 floor=3185600 compute=21658 transient=63712 storage=10586 committed VM PASS
TX CONNECTED REFUND BUY id=719db8f1d148b67f93cb57487d1cd98b3d24ac1edbe20ea9360de9eb8faf26b0 inputs=2 fee=10000000 floor=3192800 compute=21694 transient=63856 storage=10590 committed VM PASS
TX CONNECTED REFUND BUY id=6ebb7f503aa002d2aba5a901386bfcef8421695fdc7c859b6fb3eca2433bf50e inputs=2 fee=10000000 floor=3200000 compute=21730 transient=64000 storage=10598 committed VM PASS
TX CONNECTED REFUND BUY id=83aade690b5ffa8bbcc8af3da00a4e95ebc28206cdd853b394649cdc4bb53510 inputs=2 fee=10000000 floor=3207200 compute=21766 transient=64144 storage=10602 committed VM PASS
TX CONNECTED REFUND BUY id=606edd8a00fcd30fa91d713455502a4af1985cfe1a5ee7a898d0681caf5aeb4d inputs=2 fee=10000000 floor=3214400 compute=21802 transient=64288 storage=10607 committed VM PASS
TX CONNECTED REFUND BUY id=b232ef855ff02cf98d4e09cb14a6b2390bb32b4331368f2ef6d83e446567a7df inputs=2 fee=10000000 floor=3221600 compute=21838 transient=64432 storage=10612 committed VM PASS
TX CONNECTED REFUND BUY id=80e15b8a16175b22fe8361c6158ec9bcb68afca4e684b52f4fc90048b31ada30 inputs=2 fee=10000000 floor=3228800 compute=21874 transient=64576 storage=10617 committed VM PASS
TX CONNECTED REFUND BUY id=080a5afb71a0f9cee4a4e4b92b5aa3fcc31bd02c7e566aee5f322f7581d0f36e inputs=2 fee=10000000 floor=3236000 compute=21910 transient=64720 storage=10622 committed VM PASS
TX CONNECTED REFUND BUY id=e4b4012b7fcc777f5daea95417d1fa7dffe56818595107a592cdd5635c48370a inputs=2 fee=10000000 floor=3243200 compute=21946 transient=64864 storage=10627 committed VM PASS
TX CONNECTED REFUND BUY id=a5ead838fc6ecb9260b8a3b17f69ffcc24b16c879a2cc2e6a1b16e516964bc2b inputs=2 fee=10000000 floor=3250400 compute=21982 transient=65008 storage=10632 committed VM PASS
TX CONNECTED REFUND BUY id=02b23f718cae139483b25b5527b3e7b4f9ea9cf8e824be9e02479e48b08aa333 inputs=2 fee=10000000 floor=3257600 compute=22018 transient=65152 storage=10637 committed VM PASS
TX CONNECTED REFUND BUY id=2ef9209cdd46b6dc37c0cd9598b263a74de61f475f957e7a9e1416baf6e5b24d inputs=2 fee=10000000 floor=3264800 compute=22054 transient=65296 storage=10639 committed VM PASS
TX CONNECTED REFUND BUY id=cc15eda4525180ac1f35ac3dd094e199dc81f82ebe5a54dd096f4b8d70671859 inputs=2 fee=10000000 floor=3272000 compute=22090 transient=65440 storage=10645 committed VM PASS
TX CONNECTED REFUND BUY id=15b8dee9f42cca6417e4433b12f3b5c4cc402cc7310a7b3cd816aa4e8d9f6e63 inputs=2 fee=10000000 floor=3279200 compute=22126 transient=65584 storage=10650 committed VM PASS
TX CONNECTED REFUND BUY id=03390dcab757af20f5d2f59dfd97bf36b97cd5618efd5ecd222da624b08477a7 inputs=2 fee=10000000 floor=3286400 compute=22162 transient=65728 storage=10653 committed VM PASS
TX CONNECTED REFUND BUY id=8c1d26a18ddda07e6a3c2ac4b02bc68de873daaec7f8f51da8aaeb9b9e7b12f9 inputs=2 fee=10000000 floor=3293600 compute=22198 transient=65872 storage=10658 committed VM PASS
TX CONNECTED REFUND BUY id=8839b59174313b2fc6efa10dc8fdc6e29fd88617de472d1d8cdf5786e73c8a86 inputs=2 fee=10000000 floor=3300800 compute=22234 transient=66016 storage=10661 committed VM PASS
TX CONNECTED REFUND BUY id=a0fa29cbcdc7a497e49419bfebff48ac10f66ac87589bbea7a128032dc5132a4 inputs=2 fee=10000000 floor=3308000 compute=22270 transient=66160 storage=10666 committed VM PASS
TX CONNECTED REFUND BUY id=7f1289629778ce17174536eaff8b8d0ddcb1f094e9ed65b1b628159ba97a378e inputs=2 fee=10000000 floor=3315200 compute=22306 transient=66304 storage=10669 committed VM PASS
TX CONNECTED REFUND BUY id=983e59c060198690e4c8a62fdc8a31f1e4c58135e60a43e81e5e322aa0107120 inputs=2 fee=10000000 floor=3322400 compute=22342 transient=66448 storage=10672 committed VM PASS
TX CONNECTED REFUND BUY id=b5fc496603d699e95182a4982efb7f62bca2368cc935b369573713cdcb275af6 inputs=2 fee=10000000 floor=3329600 compute=22378 transient=66592 storage=10678 committed VM PASS
TX CONNECTED REFUND BUY id=ac1e9e14743fb3c19174d141e1ed960d49bb3ed254e0ab27ab31375a21ca335b inputs=2 fee=10000000 floor=3336800 compute=22414 transient=66736 storage=10681 committed VM PASS
TX CONNECTED REFUND BUY id=ee16427fe6098201c69ea3333008ea8e4dfdf1b4d9415ba1ee94bc2022d03484 inputs=2 fee=10000000 floor=3344000 compute=22450 transient=66880 storage=10684 committed VM PASS
TX CONNECTED REFUND BUY id=144c9358f31bad20a498a5d62efe64bc4a97c07d546162c664d7137aa9176743 inputs=2 fee=10000000 floor=3351200 compute=22486 transient=67024 storage=10690 committed VM PASS
TX CONNECTED REFUND BUY id=d224b98dde2725eb03edd0310c2654de5235103e39f52209d322b34d71b43267 inputs=2 fee=10000000 floor=3358400 compute=22522 transient=67168 storage=10693 committed VM PASS
TX CONNECTED REFUND BUY id=4661c717096310332805773ff7a85bf2e3c307a8cc005364d988acd0d30e8916 inputs=2 fee=10000000 floor=3365600 compute=22558 transient=67312 storage=10696 committed VM PASS
TX CONNECTED REFUND BUY id=7cb472d737fb8c882882a6211da02f012c7ceb4d6e4e121c4008eb8d8b1489f6 inputs=2 fee=10000000 floor=3372800 compute=22594 transient=67456 storage=10699 committed VM PASS
TX CONNECTED REFUND BUY id=7ef3bbcd3e982d58b9999427a0127a155875cae600a35d85f795a8dd29b96580 inputs=2 fee=10000000 floor=3380000 compute=22630 transient=67600 storage=10702 committed VM PASS
TX CONNECTED REFUND BUY id=b75dbb041617087fae95949e81644f980c288645904aa54f848bdf42563bb4fe inputs=2 fee=10000000 floor=3387200 compute=22666 transient=67744 storage=10706 committed VM PASS
TX CONNECTED REFUND BUY id=eacd6ef0a3eff6bdfc30792912565ae348e6af01bf15b72b75fc7ceaaf0a3eee inputs=2 fee=10000000 floor=3394400 compute=22702 transient=67888 storage=10709 committed VM PASS
TX CONNECTED REFUND BUY id=9d5d7161bab596dfe7a45a4718a91dfa69e0dd99897bfa22a17419ceccde8113 inputs=2 fee=10000000 floor=3401600 compute=22738 transient=68032 storage=10712 committed VM PASS
TX CONNECTED REFUND BUY id=0ff571431546596fbe480505ce19b4a12c6cd982b600a8319efddb77cf62ccad inputs=2 fee=10000000 floor=3408800 compute=22774 transient=68176 storage=10716 committed VM PASS
TX CONNECTED REFUND BUY id=1eacbdb7df8a67e8db51cc584ef652b0d57597cae8468c0f860803fec28c21a7 inputs=2 fee=10000000 floor=3416000 compute=22810 transient=68320 storage=10719 committed VM PASS
TX CONNECTED REFUND BUY id=639a6da9aead213747c95853e5b6bcd37e146d65ebe2ad4e3c54751c9d286f73 inputs=2 fee=10000000 floor=3423200 compute=22846 transient=68464 storage=10722 committed VM PASS
TX CONNECTED REFUND BUY id=44b0beb59fde239f13584cb82a016fffb87a01f018247b949188a80aa9fae7bc inputs=2 fee=10000000 floor=3430400 compute=22882 transient=68608 storage=10723 committed VM PASS
TX CONNECTED REFUND BUY id=c047b167588f327b6dfabf46a0856917317693adfcf78dcd6e673526ee09e1c3 inputs=2 fee=10000000 floor=3437600 compute=22918 transient=68752 storage=10727 committed VM PASS
TX CONNECTED REFUND BUY id=afa184f1432d9b7a8703e8510c08cdd09d9db4c2d0b44670c5361aa38af3e4a0 inputs=2 fee=10000000 floor=3444800 compute=22954 transient=68896 storage=10730 committed VM PASS
TX CONNECTED REFUND BUY id=de8d21eb4e2dabe7e195c1e449e89e62016123e898c249243a9afbebf3a6ef64 inputs=2 fee=10000000 floor=3452000 compute=22990 transient=69040 storage=10734 committed VM PASS
TX CONNECTED REFUND BUY id=7fad2f6b8650d9aadff731b1b25c7107f264c885980dda7aaffc0b48d973aa85 inputs=2 fee=10000000 floor=3459200 compute=23026 transient=69184 storage=10737 committed VM PASS
TX CONNECTED REFUND BUY id=b7d603c9172f9018d5dc8bb00e2e6fc65c5b3e2ea655c367615591f89885bdd0 inputs=2 fee=10000000 floor=3466400 compute=23062 transient=69328 storage=10738 committed VM PASS
TX CONNECTED REFUND BUY id=c1599992525eb662f7dcac87667cbdf62e92fe01e76158b34f6706ab6abcf2cb inputs=2 fee=10000000 floor=3473600 compute=23098 transient=69472 storage=10742 committed VM PASS
TX CONNECTED REFUND BUY id=b8647bdeb6943b19cce00c8002d318f2197c9326caeb739b28fb5f3349fd5d34 inputs=2 fee=10000000 floor=3480800 compute=23134 transient=69616 storage=10746 committed VM PASS
TX CONNECTED REFUND BUY id=63b80aef91836a81378c5bda8ecc0820c1a37ea366707fd73b574bcb470327b8 inputs=2 fee=10000000 floor=3488000 compute=23170 transient=69760 storage=10746 committed VM PASS
TX CONNECTED REFUND BUY id=d18e7c6b47d43703ee9026d8c1c5426ea00a7797dc02eae29b6b51da50fe367b inputs=2 fee=10000000 floor=3495200 compute=23206 transient=69904 storage=10750 committed VM PASS
TX CONNECTED REFUND BUY id=57e883e37905a10daea1414f93c5f42575a53775e009e667e2c6fe634d03645d inputs=2 fee=10000000 floor=3502400 compute=23242 transient=70048 storage=10751 committed VM PASS
TX CONNECTED REFUND BUY id=960ef2384ba99dd0425a4b9c7be9b138eb3cae0519b301e858199f8f812a2be7 inputs=2 fee=10000000 floor=3509600 compute=23278 transient=70192 storage=10755 committed VM PASS
TX CONNECTED REFUND BUY id=c73ebb789ddc1978d6e185be78f274194f8f06b7a05fe5782da1b2e77da00583 inputs=2 fee=10000000 floor=3516800 compute=23314 transient=70336 storage=10759 committed VM PASS
TX CONNECTED REFUND BUY id=008048ea143639fe5148f0fb3eff284752dda70a2cf8dc429a714245b1d4d72f inputs=2 fee=10000000 floor=3524000 compute=23350 transient=70480 storage=10760 committed VM PASS
TX CONNECTED REFUND BUY id=ab0967a974325116f612465cf24809522703e79aac79b4c21ea7ed69dbcb0726 inputs=2 fee=10000000 floor=3531200 compute=23386 transient=70624 storage=10764 committed VM PASS
TX CONNECTED REFUND BUY id=5ae1ff4266f13cf98da5c44fe197bc465168b146be0eb7bcd7c64324e4fbfeae inputs=2 fee=10000000 floor=3538400 compute=23422 transient=70768 storage=10765 committed VM PASS
TX CONNECTED REFUND BUY id=befae0de405ce338f45b82eb0eff2684a8b80c92c3c94ca3f6a0d764b1a06e75 inputs=2 fee=10000000 floor=3545600 compute=23458 transient=70912 storage=10766 committed VM PASS
TX CONNECTED REFUND BUY id=3efb49e42b52f313199055f80a0df0a0eadf8031f75e8ef9d0e1c14216890b02 inputs=2 fee=10000000 floor=3552800 compute=23494 transient=71056 storage=10770 committed VM PASS
TX CONNECTED REFUND BUY id=12a5de5dfd76d5216b6e1aba26410cb557a24811c3f15cc512a688cd07db5520 inputs=2 fee=10000000 floor=3560000 compute=23530 transient=71200 storage=10771 committed VM PASS
TX CONNECTED REFUND BUY id=af8c6df32615d4e47abdbcae13e33407781895e18b55333ce699706f1329abc0 inputs=2 fee=10000000 floor=3567200 compute=23566 transient=71344 storage=10775 committed VM PASS
TX CONNECTED REFUND BUY id=3d0330639d74b01f83bf9c39458ff6699a50ed52f39cf6549a1fbf3dbd1794c2 inputs=2 fee=10000000 floor=3574400 compute=23602 transient=71488 storage=10776 committed VM PASS
TX CONNECTED REFUND BUY id=480f4f142934b45fbeeea99d4247937146f299d3a41eb06540024079fc3055ca inputs=2 fee=10000000 floor=3581600 compute=23638 transient=71632 storage=10777 committed VM PASS
TX CONNECTED REFUND BUY id=70710a4a114dc7a26710c5b7e63adfedda7c451eecd8bd4e6511fcd6422c6bf4 inputs=2 fee=10000000 floor=3588800 compute=23674 transient=71776 storage=10782 committed VM PASS
TX CONNECTED REFUND BUY id=336feee44ba44a169c16b6bcdfa060a91126274b90657b3a0ec13f82e9b7f7ec inputs=2 fee=10000000 floor=3596000 compute=23710 transient=71920 storage=10783 committed VM PASS
TX CONNECTED REFUND BUY id=a463d08e0a9e54953a0de93ad27cb84413d73dc03e45c0f22ccb682b58867d69 inputs=2 fee=10000000 floor=3603200 compute=23746 transient=72064 storage=10784 committed VM PASS
TX CONNECTED REFUND BUY id=6905b6b4c94cfdf89c56d1beba34d60037ed7d6d26b53cb5a15333c534f3c56c inputs=2 fee=10000000 floor=3610400 compute=23782 transient=72208 storage=10788 committed VM PASS
TX CONNECTED REFUND BUY id=9736d1f1cdeb111d3a2c9fec6a058a7c2532abef0c54c8242c3709882dd2323f inputs=2 fee=10000000 floor=3617600 compute=23818 transient=72352 storage=10790 committed VM PASS
TX CONNECTED REFUND BUY id=140c8a5a58f2461f867e2b58b9dbf773134d5b02f191e40e80db56783516e784 inputs=2 fee=10000000 floor=3624800 compute=23854 transient=72496 storage=10791 committed VM PASS
TX CONNECTED REFUND BUY id=13bde40c984adb54fc6c2eb0e58e167352f03723dc09b1f17d02c0ac5f2dac47 inputs=2 fee=10000000 floor=3632000 compute=23890 transient=72640 storage=10792 committed VM PASS
TX CONNECTED REFUND BUY id=9e9eed65a0788bbd68939e3c5ca050b00a42a8bb80eddf9f12492a718e271003 inputs=2 fee=10000000 floor=3639200 compute=23926 transient=72784 storage=10797 committed VM PASS
TX CONNECTED REFUND BUY id=42953a546e7472429195dae9a239ec7ea03ec8c62bc220cea405d206aac12a8a inputs=2 fee=10000000 floor=3646400 compute=23962 transient=72928 storage=10798 committed VM PASS
TX CONNECTED REFUND BUY id=71b9b6eabd3ef33328410d2fdbfc80b196d9f7428cff66deea1c465232ff9bf3 inputs=2 fee=10000000 floor=3653600 compute=23998 transient=73072 storage=10799 committed VM PASS
TX CONNECTED REFUND BUY id=4dac6833d3295a294f76785047921fdcdf3052bd856d3547979980e3758d830c inputs=2 fee=10000000 floor=3660800 compute=24034 transient=73216 storage=10801 committed VM PASS
TX CONNECTED REFUND BUY id=8fba291dd9f5513a65750c1e8f2afac41dc209d44f11587f900a0020541e3207 inputs=2 fee=10000000 floor=3668000 compute=24070 transient=73360 storage=10802 committed VM PASS
TX CONNECTED REFUND BUY id=10c6865b4ec29ef3f2ebccc0b44f6297e09acb1f6ba64f787cefd31845e37861 inputs=2 fee=10000000 floor=3675200 compute=24106 transient=73504 storage=10807 committed VM PASS
TX CONNECTED REFUND BUY id=5e890cb2f24389c7e941ab45a991ac1a9fb7c018f56ce8b49b24ed292dbcdbf8 inputs=2 fee=10000000 floor=3682400 compute=24142 transient=73648 storage=10808 committed VM PASS
TX CONNECTED REFUND BUY id=94e1c945c44e6e054a99786f9a23ac75496364a882896276d6e2b16a2c21288d inputs=2 fee=10000000 floor=3689600 compute=24178 transient=73792 storage=10810 committed VM PASS
TX CONNECTED REFUND BUY id=5bb81b53e16e4d6f70f5a964889ef2ea0d79d9d73a62dd96b834f805f7932e4f inputs=2 fee=10000000 floor=3696800 compute=24214 transient=73936 storage=10811 committed VM PASS
TX CONNECTED REFUND BUY id=94b3136bd5ef312eecd01b01d70ba480e4da77cf6bf40fa1b8e7d655d9a2c621 inputs=2 fee=10000000 floor=3704000 compute=24250 transient=74080 storage=10813 committed VM PASS
TX CONNECTED REFUND BUY id=5746059c43ab8d1de6343d9522c0d60c7e9bf953d4983e438cb86ddbc3304e60 inputs=2 fee=10000000 floor=3711200 compute=24286 transient=74224 storage=10814 committed VM PASS
TX CONNECTED REFUND BUY id=92cc31ef9b855a58b3513617517c8d3a30740036f094fc0e8b7ae58f24ddd62d inputs=2 fee=10000000 floor=3718400 compute=24322 transient=74368 storage=10816 committed VM PASS
TX CONNECTED REFUND BUY id=67f5ca4d94ddca5ad868a2cdf28e20f9ae7aea28346efbc04f157ce720300ecc inputs=2 fee=10000000 floor=3725600 compute=24358 transient=74512 storage=10817 committed VM PASS
TX CONNECTED REFUND BUY id=ab3148d63d88ef86e4962c3fd9b65e59ffcd8911745c7d01c33e0b54b07bdbee inputs=2 fee=10000000 floor=3732800 compute=24394 transient=74656 storage=10819 committed VM PASS
TX CONNECTED REFUND BUY id=6e26e53d97b68a7c7d36183afc4636dc20ef1d9a52efa6994772029f2274936d inputs=2 fee=10000000 floor=3740000 compute=24430 transient=74800 storage=10821 committed VM PASS
TX CONNECTED REFUND BUY id=732381cdeb89a7a090102b4765d464134e84f2c27ce31b74707185a3a6597109 inputs=2 fee=10000000 floor=3747200 compute=24466 transient=74944 storage=10822 committed VM PASS
TX CONNECTED REFUND BUY id=8382223225afe16ae73b2cc16006cac2b4ab91643c7d07ad8339b7afbf31398c inputs=2 fee=10000000 floor=3754400 compute=24502 transient=75088 storage=10824 committed VM PASS
TX CONNECTED REFUND BUY id=7011aeb0eb101959f485f49ea1854057c1d151c5c7f3e47e23e8743bef24d846 inputs=2 fee=10000000 floor=3761600 compute=24538 transient=75232 storage=10825 committed VM PASS
TX CONNECTED REFUND BUY id=7231d3a9bd2f786e6736d27f2fd7de15e06f1bc95b75a90a3c380237ab9e3618 inputs=2 fee=10000000 floor=3768800 compute=24574 transient=75376 storage=10827 committed VM PASS
TX CONNECTED REFUND BUY id=06d49b6b1884f0bf54fecea70c5fd52503f565022dd2806a5fed191db6055128 inputs=2 fee=10000000 floor=3776000 compute=24610 transient=75520 storage=10829 committed VM PASS
TX CONNECTED REFUND BUY id=3977f038ba138e33c9826cc1e65683973e8d5ca6c27f6fc0b242a40ceddc1c39 inputs=2 fee=10000000 floor=3783200 compute=24646 transient=75664 storage=10831 committed VM PASS
TX CONNECTED REFUND BUY id=10d324bdaa6fbf25366f6bf9ef3ffbdf65c81aa73d041fea07c0426a7dd34191 inputs=2 fee=10000000 floor=3790400 compute=24682 transient=75808 storage=10832 committed VM PASS
TX CONNECTED REFUND BUY id=47b29776805344e0b42d494bd1adbc9eee36e1ba3104bc918f46c9ce2d19f331 inputs=2 fee=10000000 floor=3797600 compute=24718 transient=75952 storage=10834 committed VM PASS
TX CONNECTED REFUND BUY id=851aa0668b5ab116e038c64cdf4bf4d2f407e0d94c77820b0578a2387abe626b inputs=2 fee=10000000 floor=3804800 compute=24754 transient=76096 storage=10836 committed VM PASS
TX CONNECTED REFUND BUY id=fb581c796845f2a55bbf09b87919a0f18a6303432485646a23a7790dbf57e475 inputs=2 fee=10000000 floor=3812000 compute=24790 transient=76240 storage=10837 committed VM PASS
TX CONNECTED REFUND BUY id=9ff1db6d4694bd8aced9618260faa013a20fe7fb2f377f3a86ff1f673a460c31 inputs=2 fee=10000000 floor=3819200 compute=24826 transient=76384 storage=10839 committed VM PASS
TX CONNECTED REFUND BUY id=95395fe30fed31b0533c525da4df681b8cb9e08a0e330a692b4b4d92748f6509 inputs=2 fee=10000000 floor=3826400 compute=24862 transient=76528 storage=10841 committed VM PASS
TX CONNECTED REFUND BUY id=c6c224db152b746001698c07f8031cca58a257156a073fe5fe72f4fb4bb68fe5 inputs=2 fee=10000000 floor=3833600 compute=24898 transient=76672 storage=10843 committed VM PASS
TX CONNECTED REFUND BUY id=3589266a45a9c7bbb6c236106d111236e6f9a63202b0fc225f8b2c996bc66dac inputs=2 fee=10000000 floor=3840800 compute=24934 transient=76816 storage=10845 committed VM PASS
TX CONNECTED REFUND BUY id=b39da68bb05a451004981631c6a72787963d86b4715db62aab80f9d9a4bd82bc inputs=2 fee=10000000 floor=3848000 compute=24970 transient=76960 storage=10843 committed VM PASS
TX CONNECTED REFUND BUY id=3bc0702bc72a55d583b768b5cc1a54fd8f195f1603db6a4134957ae2c91f3ce4 inputs=2 fee=10000000 floor=3855200 compute=25006 transient=77104 storage=10845 committed VM PASS
TX CONNECTED REFUND BUY id=0e6e8a84db19d68a9f434ea52cbe00a19063fe8ac0dc3ff22452ad4352d1c4ef inputs=2 fee=10000000 floor=3862400 compute=25042 transient=77248 storage=10847 committed VM PASS
TX CONNECTED REFUND BUY id=f34794f1d2703354a6acbcfff5bad39da7df7b5b7998b5cac144a4dadd55ea8d inputs=2 fee=10000000 floor=3869600 compute=25078 transient=77392 storage=10849 committed VM PASS
TX CONNECTED REFUND BUY id=0bc44a59acf70b0c3a412ff36e3513e0d7d85eeb5937715bfc668e65ca70bc15 inputs=2 fee=10000000 floor=3876800 compute=25114 transient=77536 storage=10851 committed VM PASS
TX CONNECTED REFUND BUY id=113b40d63930a2baed7571d079b4f2e2f49297de1583a12127e6d1c2e7bf337a inputs=2 fee=10000000 floor=3884000 compute=25150 transient=77680 storage=10853 committed VM PASS
TX CONNECTED REFUND BUY id=d79296bd080b74979a68a238f61d4b643d6cd8978d2df615b33962af0be24857 inputs=2 fee=10000000 floor=3891200 compute=25186 transient=77824 storage=10852 committed VM PASS
TX CONNECTED REFUND BUY id=c1319d9f4217c9ebb5f855ff50804e7acf848a76203235aa7c9a195cff775bb5 inputs=2 fee=10000000 floor=3898400 compute=25222 transient=77968 storage=10854 committed VM PASS
TX CONNECTED REFUND BUY id=57e72d068a243d203f12473543156a1a9b4d91639c6d715b1b23a9ea3e59b050 inputs=2 fee=10000000 floor=3905600 compute=25258 transient=78112 storage=10856 committed VM PASS
TX CONNECTED REFUND BUY id=1804253efff53a32b8b265600193328126592b2c35c376f2e45afd2064f9b62e inputs=2 fee=10000000 floor=3912800 compute=25294 transient=78256 storage=10857 committed VM PASS
TX CONNECTED REFUND BUY id=891f94695feea5c0b7baeef0302ad91f8444608e3894f928dc15ca5102642e33 inputs=2 fee=10000000 floor=3920000 compute=25330 transient=78400 storage=10859 committed VM PASS
TX CONNECTED REFUND BUY id=74090da3ec99e055e24a5446a942c16129576d6545cd74af6f19f8bebafba5b0 inputs=2 fee=10000000 floor=3927200 compute=25366 transient=78544 storage=10858 committed VM PASS
TX CONNECTED REFUND BUY id=0afc5882edfacec86580d3737a3b8d294566ac4ff0d996767f90f000aa921173 inputs=2 fee=10000000 floor=3934400 compute=25402 transient=78688 storage=10860 committed VM PASS
TX CONNECTED REFUND BUY id=e211b4f7672ee5363464b1ce6f8d02a2e1edd9d77617b81653583e477581412b inputs=2 fee=10000000 floor=3941600 compute=25438 transient=78832 storage=10862 committed VM PASS
TX CONNECTED REFUND BUY id=400c549909358e67bc52b3ebbcce777b501c973a712916024b10e44c8c61ee22 inputs=2 fee=10000000 floor=3948800 compute=25474 transient=78976 storage=10864 committed VM PASS
TX CONNECTED REFUND BUY id=b62fd646628b663c0882cec1aecb4dc3521b421f3dd4f5bde7f4770e15c3e116 inputs=2 fee=10000000 floor=3956000 compute=25510 transient=79120 storage=10863 committed VM PASS
TX CONNECTED REFUND BUY id=f873d93f3e333bb4a6aba627d500889f537c7129e33f20b51882842df9375b11 inputs=2 fee=10000000 floor=3963200 compute=25546 transient=79264 storage=10865 committed VM PASS
TX CONNECTED REFUND BUY id=a2378f541549ada6b50e1cb0c84bdf2663cc5413d045515a1898560ef4a948f7 inputs=2 fee=10000000 floor=3970400 compute=25582 transient=79408 storage=10867 committed VM PASS
TX CONNECTED REFUND BUY id=a01f9d08294ac67b42ca034d95e4b9377484f058b33257abaf5746289de9ddd4 inputs=2 fee=10000000 floor=3977600 compute=25618 transient=79552 storage=10869 committed VM PASS
TX CONNECTED REFUND BUY id=751d96b7a6cba653eb3739878926abc91d83d14b6745e86431df7036fcd913f7 inputs=2 fee=10000000 floor=3984800 compute=25654 transient=79696 storage=10868 committed VM PASS
TX CONNECTED REFUND BUY id=72710ebe25a0eb91d88812e62ed88a34f88fe38a19023e5e593fdfc6ffd21391 inputs=2 fee=10000000 floor=3992000 compute=25690 transient=79840 storage=10870 committed VM PASS
TX CONNECTED REFUND BUY id=98afd8f773e17ee949519e64bcc095ebf3f5ff18bffa88fd3fc9052573d6ba00 inputs=2 fee=10000000 floor=3999200 compute=25726 transient=79984 storage=10872 committed VM PASS
TX CONNECTED REFUND BUY id=e752a2a21b1cb2ff5fac97c831417acf928d017d31a48f6e3f0089c966ebf020 inputs=2 fee=10000000 floor=4006400 compute=25762 transient=80128 storage=10872 committed VM PASS
TX CONNECTED REFUND BUY id=601de888d715cb100c28c457bdada0555d974cf1988a837bbe55a47048dd209b inputs=2 fee=10000000 floor=4013600 compute=25798 transient=80272 storage=10874 committed VM PASS
TX CONNECTED REFUND BUY id=060b0a4870a16b0d35e4f33649914e70f294ddf7519a923fc9bd271a845c56e4 inputs=2 fee=10000000 floor=4020800 compute=25834 transient=80416 storage=10876 committed VM PASS
TX CONNECTED REFUND BUY id=5ee8cd24ff2a229472379d07722aa458ca133bf7c01a7cc68c4f457e0ff354fb inputs=2 fee=10000000 floor=4028000 compute=25870 transient=80560 storage=10875 committed VM PASS
TX CONNECTED REFUND BUY id=78dd3fb2f8bc0bba481d2811ff12179a4d940c74fbe87dc2f77f5276ae1c148e inputs=2 fee=10000000 floor=4035200 compute=25906 transient=80704 storage=10877 committed VM PASS
TX CONNECTED REFUND BUY id=12637327db89ef69f35bef72a836d551db62371b3ecbe357f98b9ce32a438d3d inputs=2 fee=10000000 floor=4042400 compute=25942 transient=80848 storage=10879 committed VM PASS
TX CONNECTED REFUND BUY id=e1d99a64c0e7f7db6d3695455b83ff01c60f3898fe30952477f7ee9e2274a12a inputs=2 fee=10000000 floor=4049600 compute=25978 transient=80992 storage=10878 committed VM PASS
TX CONNECTED REFUND BUY id=cc66f62876da33c5a88ee5b8a27c7529f6a43eae9c5a02e5563ba9906351860e inputs=2 fee=10000000 floor=4056800 compute=26014 transient=81136 storage=10880 committed VM PASS
TX CONNECTED REFUND BUY id=8d32368d10988552cb10d58a96f3131d18047e8694ac3960956ea57fcfa500e5 inputs=2 fee=10000000 floor=4064000 compute=26050 transient=81280 storage=10882 committed VM PASS
TX CONNECTED REFUND BUY id=4cf3287717300c9c993003906c01d36b6b77e8f18b35d2ba87879bd02db06c50 inputs=2 fee=10000000 floor=4071200 compute=26086 transient=81424 storage=10882 committed VM PASS
TX CONNECTED REFUND BUY id=8f157014eaa4ba34633558c6ff1ad359c1db2a7202fc164854d2e5e7271da05f inputs=2 fee=10000000 floor=4078400 compute=26122 transient=81568 storage=10884 committed VM PASS
TX CONNECTED REFUND BUY id=4f808e4726ee322accdef07f6c3f2630ba3802900e1ef525590bbf065b21cd12 inputs=2 fee=10000000 floor=4085600 compute=26158 transient=81712 storage=10886 committed VM PASS
TX CONNECTED REFUND BUY id=fa548fc7ce18a0da6b4d9507ba66b7b1f40184874bb31e524831fbd80c274555 inputs=2 fee=10000000 floor=4092800 compute=26194 transient=81856 storage=10885 committed VM PASS
TX CONNECTED REFUND BUY id=8f596b96d954ef20d025dd335e81efce20407e9ca136934c1fa53c4b7f8d3ba2 inputs=2 fee=10000000 floor=4100000 compute=26230 transient=82000 storage=10887 committed VM PASS
TX CONNECTED REFUND BUY id=3ae2fdb320b20b9ed2d4ee3a69910e0364a3519d4b6b9c73e8da23c28f3d670d inputs=2 fee=10000000 floor=4107200 compute=26266 transient=82144 storage=10886 committed VM PASS
TX CONNECTED REFUND BUY id=bd2cf6cd4bd024827ca076e8a3cf7e8912c36710f2f071c033c8fdb1f4b20a09 inputs=2 fee=10000000 floor=4114400 compute=26302 transient=82288 storage=10889 committed VM PASS
TX CONNECTED REFUND BUY id=ac3bd531a77f6fcbe17551463cf9c1608f8d7570b47896d56ff458a448e9f505 inputs=2 fee=10000000 floor=4121600 compute=26338 transient=82432 storage=10891 committed VM PASS
TX CONNECTED REFUND BUY id=86c69b00df9f0b06506e83d97e8e1c001b09f66fdc0e53f60068eab840d2fb38 inputs=2 fee=10000000 floor=4128800 compute=26374 transient=82576 storage=10890 committed VM PASS
TX CONNECTED REFUND BUY id=5c7db43c4d7ff2e280f4b3669b3fc248cbbfb2a251518aa14d0f2fed96a9e8ec inputs=2 fee=10000000 floor=4136000 compute=26410 transient=82720 storage=10892 committed VM PASS
TX CONNECTED REFUND BUY id=83f1451a2f266925ea4c30ef2782401bf02482e2e940ce62dc2778f0280cc2f3 inputs=2 fee=10000000 floor=4143200 compute=26446 transient=82864 storage=10891 committed VM PASS
TX CONNECTED REFUND BUY id=0ffe635cbc6e3f2a07315ef49f3e35fe335d15b9a2e85668e86dc084b1303308 inputs=2 fee=10000000 floor=4150400 compute=26482 transient=83008 storage=10894 committed VM PASS
TX CONNECTED REFUND BUY id=4e7ea8c8c23d677aaf1149cf7a3e65d91a84c3452c717410eeb7044abd0ed384 inputs=2 fee=10000000 floor=4157600 compute=26518 transient=83152 storage=10896 committed VM PASS
TX CONNECTED REFUND BUY id=2c87d47c5e399de8eb1c844c40b3cfd7baec522b5f87505181ba5adbfe6b2c12 inputs=2 fee=10000000 floor=4164800 compute=26554 transient=83296 storage=10895 committed VM PASS
TX CONNECTED REFUND BUY id=f761ef91526bcb67dc72c1b607ae0524ee0537ea24ab138a1f0c6aa7b06d09bc inputs=2 fee=10000000 floor=4172000 compute=26590 transient=83440 storage=10897 committed VM PASS
TX CONNECTED REFUND BUY id=befb47d18d964601abc3e8da897aa1ed30a7a9f9cde63c3fe9f4c25445c305a7 inputs=2 fee=10000000 floor=4179200 compute=26626 transient=83584 storage=10897 committed VM PASS
TX CONNECTED REFUND BUY id=db251d3c62910c912a49faf09de3e09d641a1cf16c21cfdaea99ba4909c3d015 inputs=2 fee=10000000 floor=4186400 compute=26662 transient=83728 storage=10899 committed VM PASS
TX CONNECTED REFUND BUY id=66f6612486e9d72eb4569a8f277b3b29f4442d4e58b1029df799a8f79edd2cdd inputs=2 fee=10000000 floor=4193600 compute=26698 transient=83872 storage=10898 committed VM PASS
TX CONNECTED REFUND BUY id=d355776cfe54bf07a6d2ab5cfffc7001a432d5e8417450082762a0d4a6c1b5d7 inputs=2 fee=10000000 floor=4200800 compute=26734 transient=84016 storage=10900 committed VM PASS
TX CONNECTED REFUND BUY id=a7341db43e1cd2133a38ea8bb064abfbc29ece5b760dc0f98918de3e7b16975a inputs=2 fee=10000000 floor=4208000 compute=26770 transient=84160 storage=10900 committed VM PASS
TX CONNECTED REFUND BUY id=f480437f226aa251701bcf322662b347dfb53e5c7771ea14a9490b29801fbcba inputs=2 fee=10000000 floor=4215200 compute=26806 transient=84304 storage=10902 committed VM PASS
TX CONNECTED REFUND BUY id=3d34143d9ec3d748c694e4048e99df26310e030a79cc5800d50b0e3080c20b48 inputs=2 fee=10000000 floor=4222400 compute=26842 transient=84448 storage=10904 committed VM PASS
TX CONNECTED REFUND BUY id=164f5ca5662b7440f6b4016524113775abc9c508de593895ea0edb4af51dcfab inputs=2 fee=10000000 floor=4229600 compute=26878 transient=84592 storage=10903 committed VM PASS
TX CONNECTED REFUND BUY id=84cfcc0cb82cd12ab8cdcf827331d9e6fba48a08df683c954e02b785eaea4e01 inputs=2 fee=10000000 floor=4236800 compute=26914 transient=84736 storage=10906 committed VM PASS
TX CONNECTED REFUND BUY id=9f808e4828094c870f9474be07f8df802c596911b4955ebe88aec930a3e98650 inputs=2 fee=10000000 floor=4244000 compute=26950 transient=84880 storage=10905 committed VM PASS
TX CONNECTED REFUND BUY id=1e623e9cd973bf45e916cf56bc5a5e6e25fa288c3ca89c2a5c0b284ca2f2a641 inputs=2 fee=10000000 floor=4251200 compute=26986 transient=85024 storage=10907 committed VM PASS
TX CONNECTED REFUND BUY id=05c873ae8722513c70426904d59bbac4a8316e5974e116b35212681677c412a8 inputs=2 fee=10000000 floor=4258400 compute=27022 transient=85168 storage=10907 committed VM PASS
TX CONNECTED REFUND BUY id=01b04592f3a8ae24a9a3704bba51095f7a2e6119f8e37ee88278ad047dadb524 inputs=2 fee=10000000 floor=4265600 compute=27058 transient=85312 storage=10909 committed VM PASS
TX CONNECTED REFUND BUY id=e72f4cb1c55f127a6d8dc15595dfe21463ba4eaa275b99de03247667f94ea84f inputs=2 fee=10000000 floor=4272800 compute=27094 transient=85456 storage=10908 committed VM PASS
TX CONNECTED REFUND BUY id=407cc36aa6eeabc2c9009978affe1fddc67194257923c2518b94cdb2905b1707 inputs=2 fee=10000000 floor=4280000 compute=27130 transient=85600 storage=10911 committed VM PASS
TX CONNECTED REFUND BUY id=c550749c021590d5364ccf6120f69df671b6c81112c70c7ccd0a0443ea9cca86 inputs=2 fee=10000000 floor=4287200 compute=27166 transient=85744 storage=10910 committed VM PASS
TX CONNECTED REFUND BUY id=12459083b5b95df1a0f3508951fd7c5c0162bd0b378a2c5c3207031d1e6d053b inputs=2 fee=10000000 floor=4294400 compute=27202 transient=85888 storage=10912 committed VM PASS
TX CONNECTED REFUND BUY id=e2ec0bceaa174650ffe868bbd4452184c7b5caaf52ce86d48350af1892566b01 inputs=2 fee=10000000 floor=4301600 compute=27238 transient=86032 storage=10912 committed VM PASS
TX CONNECTED REFUND BUY id=a2dcc36ea9af03515d7601bcaaec1810e763612589bfbba84c72a5383bc35975 inputs=2 fee=10000000 floor=4308800 compute=27274 transient=86176 storage=10914 committed VM PASS
TX CONNECTED REFUND BUY id=3b900baba0e5a432797b4a9daee98bc83b2ab74193f4fa616b36540355ed3448 inputs=2 fee=10000000 floor=4316000 compute=27310 transient=86320 storage=10913 committed VM PASS
TX CONNECTED REFUND BUY id=a6f93de551888c1959265d92456e9c64f3d85bde8c6383d2d1498d9efd588ff3 inputs=2 fee=10000000 floor=4323200 compute=27346 transient=86464 storage=10916 committed VM PASS
TX CONNECTED REFUND BUY id=17855b003f413fba08eee9ad83aa1897ad501e0f528ecd6cde1e80cdfc1ff48f inputs=2 fee=10000000 floor=4330400 compute=27382 transient=86608 storage=10915 committed VM PASS
TX CONNECTED REFUND BUY id=c87880db7c0c7e827096c81b3574d344ff2c5941ec1cd365dd73135ac879c946 inputs=2 fee=10000000 floor=4337600 compute=27418 transient=86752 storage=10914 committed VM PASS
TX CONNECTED REFUND BUY id=b6fb610a7bb96dfdc5b5ec89ceb668d8735b78a96c6ebf8c2c55b499b2a0a5ab inputs=2 fee=10000000 floor=4344800 compute=27454 transient=86896 storage=10917 committed VM PASS
TX CONNECTED REFUND BUY id=908b9b4a6f3f9d597d93e2dd771f0e28dcaadf903a8fa810de8350b3ada14ec7 inputs=2 fee=10000000 floor=4352000 compute=27490 transient=87040 storage=10916 committed VM PASS
TX CONNECTED REFUND BUY id=44fbf07b21e3e5e0216b64d46ff19d0c6cb73e8ca73878f3119c7b29df5b0a26 inputs=2 fee=10000000 floor=4359200 compute=27526 transient=87184 storage=10919 committed VM PASS
TX CONNECTED REFUND CLOSE id=0e99de8ffb73a98f508d14d4a06556c15da4bccd62a91d4724af26259b081548 inputs=2 fee=10000000 floor=4179400 compute=26627 transient=83588 storage=10919 committed VM PASS
TX CONNECTED REFUND BATCH id=5add9ce171cf3159d9b4ccac11d972210358e2df6f34f895a46cba3d017bace3 inputs=1 fee=3347000 floor=3347000 compute=26865 transient=66940 storage=160330 committed VM PASS
connected P=256 cursor=0 k=16 storage=160330 fee=3347000 floor=3347000
TX CONNECTED REFUND BATCH id=606cd38951a7506e10eea390b4fa5a6e3e417412dba9e8d1f293c790401681b5 inputs=1 fee=3347000 floor=3347000 compute=26865 transient=66940 storage=160332 committed VM PASS
connected P=256 cursor=16 k=16 storage=160332 fee=3347000 floor=3347000
TX CONNECTED REFUND BATCH id=e5bcad6e55b82b1f65b6b12de5de76859476b7e22d7ee5f76b82ac1424a2edc8 inputs=1 fee=3347000 floor=3347000 compute=26865 transient=66940 storage=160334 committed VM PASS
connected P=256 cursor=32 k=16 storage=160334 fee=3347000 floor=3347000
TX CONNECTED REFUND BATCH id=941f01e4151097a47e4f81208a9a1b14767f24a98b5355efb3db47bfb0d1ca0a inputs=1 fee=3347000 floor=3347000 compute=26865 transient=66940 storage=160336 committed VM PASS
connected P=256 cursor=48 k=16 storage=160336 fee=3347000 floor=3347000
TX CONNECTED REFUND BATCH id=e858f2fc96f49ea202c4294fcd8d2ffc76c88f27d521171a32b5c44e45d713a1 inputs=1 fee=3347000 floor=3347000 compute=26865 transient=66940 storage=160339 committed VM PASS
connected P=256 cursor=64 k=16 storage=160339 fee=3347000 floor=3347000
TX CONNECTED REFUND BATCH id=c2a65e17b00abe41b464dceb22bad7f9832e3f1b8098fc1682b91d5813aeaf21 inputs=1 fee=3347000 floor=3347000 compute=26865 transient=66940 storage=160343 committed VM PASS
connected P=256 cursor=80 k=16 storage=160343 fee=3347000 floor=3347000
TX CONNECTED REFUND BATCH id=82dc54d70c49795e91607890e5c99c521d571d2009ef13f9c252cd9121876bb4 inputs=1 fee=3347000 floor=3347000 compute=26865 transient=66940 storage=160349 committed VM PASS
connected P=256 cursor=96 k=16 storage=160349 fee=3347000 floor=3347000
TX CONNECTED REFUND BATCH id=37eb5dc27961c2a5a15f90f77d3ac1edeb8405f85e106c198b8b81a8cb9082f4 inputs=1 fee=3347000 floor=3347000 compute=26865 transient=66940 storage=160356 committed VM PASS
connected P=256 cursor=112 k=16 storage=160356 fee=3347000 floor=3347000
TX CONNECTED REFUND BATCH id=0f9da288aff829206a173e4f977575416255ed66074a2c9b3a52d5755be3097f inputs=1 fee=3347000 floor=3347000 compute=26865 transient=66940 storage=160364 committed VM PASS
connected P=256 cursor=128 k=16 storage=160364 fee=3347000 floor=3347000
TX CONNECTED REFUND BATCH id=aef1454cd728829ed3c77852951832767edb548848a92404b493f6fa19fc5ab3 inputs=1 fee=3347000 floor=3347000 compute=26865 transient=66940 storage=160379 committed VM PASS
connected P=256 cursor=144 k=16 storage=160379 fee=3347000 floor=3347000
TX CONNECTED REFUND BATCH id=0e903ed794070417e61c0d99d3fe7e160d42622e189a75d178907b2fcd1a624e inputs=1 fee=3347000 floor=3347000 compute=26865 transient=66940 storage=160404 committed VM PASS
connected P=256 cursor=160 k=16 storage=160404 fee=3347000 floor=3347000
TX CONNECTED REFUND BATCH id=8a2a83576718b09d933aaac68c4e82cd1c8c8412609d96fb7f8b567a454330f1 inputs=1 fee=3347000 floor=3347000 compute=26865 transient=66940 storage=160445 committed VM PASS
connected P=256 cursor=176 k=16 storage=160445 fee=3347000 floor=3347000
TX CONNECTED REFUND BATCH id=314c958b9e383ba97b735b30d13bd73898c6656611f9bbad8aa359ad2e9920ce inputs=1 fee=3347000 floor=3347000 compute=26865 transient=66940 storage=160527 committed VM PASS
connected P=256 cursor=192 k=16 storage=160527 fee=3347000 floor=3347000
TX CONNECTED REFUND BATCH id=d0fe22311dbcc6e93e6b25e1b2ebeac8a97f8b04ef149c2fba337098555b96e4 inputs=1 fee=3347000 floor=3347000 compute=26865 transient=66940 storage=160734 committed VM PASS
connected P=256 cursor=208 k=16 storage=160734 fee=3347000 floor=3347000
TX CONNECTED REFUND BATCH id=bc8d981728571f0e0a89b58c495634239cc2e6093ac6e35c72e7052244c4ae11 inputs=1 fee=3347000 floor=3347000 compute=26865 transient=66940 storage=161547 committed VM PASS
connected P=256 cursor=224 k=16 storage=161547 fee=3347000 floor=3347000
TX CONNECTED REFUND BATCH id=e5c190f4a745934406f86dcb644ad3200b5d623a9db3e1cc52a838c9334920df inputs=1 fee=3340000 floor=3340000 compute=26820 transient=66800 storage=207852 committed VM PASS
connected P=256 cursor=240 k=16 storage=207852 fee=3340000 floor=3340000
CANONICAL CREATE -> 256 BUY -> CLOSE -> [16, 16, 16, 16, 16, 16, 16, 16, 16, 16, 16, 16, 16, 16, 16, 16] REFUND/EMPTY PASS
==================================================================
KASWIN V1 PRODUCTION E2E FULL LIFECYCLE VERIFICATION SUITE
==================================================================

------------------------------------------------------------------
PART 1: REAL CONNECTED PRODUCTION SUCCESS E2E PIPELINE
------------------------------------------------------------------

[Step 1.1] CREATE: Genesis Output & Covenant ID derivation
TX CREATE id=41b36bf163cc5b9065153a63d409ee4052eb2514a43aff0de30711dc0399c2e8 inputs=1 fee=1000000 floor=208300 compute=2083 transient=1412 storage=201768 committed VM PASS
  -> Signed CREATE transaction validated: id = 41b36bf163cc5b9065153a63d409ee4052eb2514a43aff0de30711dc0399c2e8

[Step 1.2] BUY #1: Buyer 1 purchases 30 tickets [0..30)
TX BUY #1 id=dbdab90ad6211ea93b6bf5d76f8132873bd6b60974ef5afcde605fa97fdd2907 inputs=2 fee=2559600 floor=2522800 compute=18344 transient=50456 storage=8703 committed VM PASS
  -> BUY #1 PASS: pool = 3020000000 sompi, actual_fee = 2559600 >= relay_floor 2522800

[Step 1.3] BUY #2: Buyer 2 purchases 10 tickets [30..40)
TX BUY #2 id=ebbbcab78cc6c84669b72ab025aca29b10467c169dad8c29b14cc7b00d99f459 inputs=2 fee=2566800 floor=2530000 compute=18380 transient=50600 storage=9074 committed VM PASS
  -> BUY #2 PASS: pool = 4020000000 sompi, actual_fee = 2566800 >= relay_floor 2530000

[Step 1.4] BUY #3: Buyer 3 purchases 55 tickets [40..95)
TX BUY max relevant (BUY 3) id=8a214579d2dbf3cd86c894343651e0aec4566c7d756234480e2cbb616c7f4d7e inputs=2 fee=2574000 floor=2537200 compute=18416 transient=50744 storage=9751 committed VM PASS
  -> BUY #3 PASS: pool = 9520000000 sompi, actual_fee = 2574000 >= relay_floor 2537200

[Step 1.5] CLOSE: Deadline close transitions to SEALED (draw_ticket_count = 95 != ticket_cap = 100)
TX CLOSE -> SEALED id=cd1e66629289dd3ce70eff96814b3f1fbbf85b8ffc7f7856083b8ade8480e015 inputs=2 fee=2394400 floor=2357600 compute=17518 transient=47152 storage=130960 committed VM PASS
  -> CLOSE PASS: transitioned OPEN(95) -> SEALED(95), fee = 2394400 >= relay_floor 2357600

[Step 1.6] SEALED -> DRAW_READY(0): PASS-A Entropy Opening
TX SEALED -> DRAW_READY id=6cb46f6b45e79af4b28de79d51802166bda591c3155f9dd1a2626e83b534c9bb inputs=2 fee=826200 floor=826200 compute=8262 transient=10128 storage=108484 committed VM PASS
  -> SEALED -> DRAW_READY(0) PASS: fee = 826200 >= relay_floor 826200

[Step 1.7] DRAW_READY(0) -> WINNER_READY: ACCEPT with Directory Range Lookup
TX DRAW_READY ACCEPT id=bcc9464bbfd4d87409588bbe36afeb4acc2a616059088850e21d47b7972d0d85 inputs=2 fee=742400 floor=742400 compute=7424 transient=6776 storage=107497 committed VM PASS
  -> DRAW_READY ACCEPT PASS: winner index 45 authenticated to purchase 2, fee = 742400 >= relay_floor 742400
TX DRAW_READY REJECT id=2a42beda2fbabf5d5ef620f8ef758ea059ed77e8e4566711f535a8daf3a295e9 inputs=2 fee=741500 floor=741500 compute=7415 transient=6740 storage=107486 committed VM PASS
  -> DRAW_READY REJECT PASS: measured B_min = ComputeBudget(1), relay_floor = 741500

[Step 1.8] WINNER_READY -> PAID: 1-in-3-out Terminal Settlement
TX WINNER_READY -> PAID id=ed7da4ef56c61c328f327b8cf3b6aed234c81f6273bfe51bea58a037ed5e0d5e inputs=1 fee=212400 floor=202400 compute=2024 transient=3776 storage=59686 committed VM PASS
  -> WINNER_READY -> PAID PASS: 1-in-3-out settlement executed Ok(()), B_min = 0 (free allowance)
CANONICAL SUCCESS connected outpoints/amount/SPK/covenant; N=95 != cap=100; deposit exact; terminal lineage destroyed PASS
HISTORICAL SYNTHETIC COMPONENT REGRESSIONS ONLY (not gate lifecycle evidence)

------------------------------------------------------------------
PART 2: REAL CONNECTED PRODUCTION REFUND E2E PIPELINE (P=17)
------------------------------------------------------------------
TX CLOSE -> REFUNDING id=311ba0f86558d30fe8bf00ddf2eef3aea8f76c994c4e97bd848165374c990a29 inputs=2 fee=2495400 floor=2458600 compute=18023 transient=49172 storage=132280 committed VM PASS
  -> CLOSE -> REFUNDING PASS: Output 0 is REFUNDING(cur=0), fee = 2495400 >= relay_floor 2458600

[Step 2.1] Refund Step 0: Refunding purchases 0..9 (K=9, non-terminal)
TX REFUND Step 0 (K=9) id=2cc66fc6ac0b1dfede7283c5c22161fa79be0c1197fa025a3c1c00250315cb87 inputs=1 fee=2250000 floor=1540800 compute=15314 transient=30816 storage=30896 committed VM PASS
  -> Step 0 (K=9) PASS: remaining pool = 2420000000 sompi, actual_fee = 2250000 >= relay_floor 1540800

[Step 2.2] Refund Step 1: Refunding purchases 9..17 (K=8, terminal, creator deposit return)
TX REFUND Step 1 (K=8 terminal) id=ee268f15e5f6999ba489acaf2dfc1c33a131294d58c280fc5466c1a7979f811e inputs=1 fee=2000000 floor=1521600 compute=14848 transient=30432 storage=75036 committed VM PASS
  -> Step 1 (K=8 terminal) PASS: creator deposit 50M returned, lineage terminated 100%!

------------------------------------------------------------------
PART 3: BOUNDARY VERIFICATIONS (P=1 and P=256 Real Transactions)
------------------------------------------------------------------

[Step 3.1] P = 1 Real Terminal Refund Transaction
TX REFUND P=1 id=2ab01f0e195c277ed2a73cd9b6053a95d4833dddef2c280aad479df707011f0f inputs=1 fee=1370600 floor=1320600 compute=11323 transient=26412 storage=47080 committed VM PASS
  -> P=1 terminal refund PASS: fee = 1370600 >= relay_floor 1320600

[Step 3.2] P = 256 Real Connected 16-Step Refund Chain
TX REFUND P=256 non-terminal id=bb8ef3a14b62d03d7a0907a14ea37fa6a7ce27ef7b061651a361c52fc5c5731f inputs=1 fee=3397008 floor=3347000 compute=26865 transient=66940 storage=80085 committed VM PASS
TX REFUND P=256 terminal id=30a66deb458716a1301ec4ae602f4e8831f7b358388933195dd6c8a57ab606dc inputs=1 fee=3390000 floor=3340000 compute=26820 transient=66800 storage=128838 committed VM PASS
  -> P=256 connected 16-step refund chain PASS: all 16 transactions executed Ok(())!

------------------------------------------------------------------
PART 4: P=0 EMPTY ROUND DIRECT TERMINAL RECOVERY & NEGATIVES
------------------------------------------------------------------
TX EMPTY CLOSE terminal id=80f3c3aa19d70457e9e6cd118b8f3605a11c18512ef111a7d041bdd12c248562 inputs=2 fee=2365600 floor=2328800 compute=17364 transient=46576 storage=0 committed VM PASS
  -> EMPTY CLOSE PASS: 100% deposit returned, lineage terminated, fee = 2365600 >= relay_floor 2328800
  -> NEGATIVE PASS [4.1]: P=0 attempting to output REFUNDING successor strictly REJECTED!
  -> NEGATIVE PASS [4.2]: Creator deposit theft (-1 sompi) strictly REJECTED by OpEqualVerify!
  -> NEGATIVE PASS [4.3]: Creator SPK mismatch strictly REJECTED by OpEqualVerify!
  -> NEGATIVE PASS [4.4]: Hidden same-C continuation strictly REJECTED by OpCovOutputCount == 0!

------------------------------------------------------------------
PART 5: FINAL PRODUCTION RESOURCE MEASUREMENTS TABLE (10 TRANSITIONS)
------------------------------------------------------------------
Transition                   |   Redeem |   SigScr |   TxSize | ScriptUnits |    Budget | Compute |   Trans |  NormTr | Storage | FeeMass |   Relay Floor
--------------------------------------------------------------------------------------------------------------------------------------------------
BUY max relevant (BUY 3)     |   11340B |   12279B |   12686B |       91652 | ComputeBudget(        9) |   18416 |   50744 |   25372 |    9751 |   25372 |    2537200 sompi
CLOSE -> SEALED              |   11377B |   11381B |   11788B |       29990 | ComputeBudget(        2) |   17518 |   47152 |   23576 |  130960 |   23576 |    2357600 sompi
SEALED -> DRAW_READY         |    1869B |    2125B |    2532B |       12013 | ComputeBudget(        1) |    8262 |   10128 |    5064 |  108484 |    8262 |     826200 sompi
DRAW_READY ACCEPT            |    1275B |    1287B |    1694B |        7359 | ComputeBudget(        0) |    7424 |    6776 |    3388 |  107497 |    7424 |     742400 sompi
DRAW_READY REJECT            |    1275B |    1278B |    1685B |       10115 | ComputeBudget(        1) |    7415 |    6740 |    3370 |  107486 |    7415 |     741500 sompi
WINNER_READY -> PAID         |     602B |     640B |     944B |        2103 | ComputeBudget(        0) |    2024 |    3776 |    1888 |   59686 |    2024 |     202400 sompi
CLOSE -> REFUNDING           |   11882B |   11886B |   12293B |       46902 | ComputeBudget(        4) |   18023 |   49172 |   24586 |  132280 |   24586 |    2458600 sompi
REFUND P=256 non-terminal    |   15520B |   15668B |   16735B |      395053 | ComputeBudget(       39) |   26865 |   66940 |   33470 |   80085 |   33470 |    3347000 sompi
REFUND P=256 terminal        |   15520B |   15668B |   16700B |      332522 | ComputeBudget(       33) |   26820 |   66800 |   33400 |  128838 |   33400 |    3340000 sompi
EMPTY CLOSE terminal         |   11268B |   11272B |   11644B |       23050 | ComputeBudget(        2) |   17364 |   46576 |   23288 |       0 |   23288 |    2328800 sompi
--------------------------------------------------------------------------------------------------------------------------------------------------

==================================================================
ALL KASWIN V1 PRODUCTION FULL LIFECYCLE E2E TESTS PASSED 100%!
==================================================================
