
> kaswin@0.1.0 test
> node --test tests/*.test.js

TAP version 13
# Subtest: Kaspa Sompi exact parsing & conversion (no float precision loss)
    # Subtest: parses standard integer KAS values to sompi
    ok 1 - parses standard integer KAS values to sompi
      ---
      duration_ms: 0.837444
      type: 'test'
      ...
    # Subtest: parses decimal KAS values up to 8 decimal places
    ok 2 - parses decimal KAS values up to 8 decimal places
      ---
      duration_ms: 0.151796
      type: 'test'
      ...
    # Subtest: rejects malformed, zero, negative or oversized KAS values
    ok 3 - rejects malformed, zero, negative or oversized KAS values
      ---
      duration_ms: 0.602031
      type: 'test'
      ...
    # Subtest: formats sompi back to canonical KAS decimal string
    ok 4 - formats sompi back to canonical KAS decimal string
      ---
      duration_ms: 0.287901
      type: 'test'
      ...
    # Subtest: display formatter provides comma separated outputs
    ok 5 - display formatter provides comma separated outputs
      ---
      duration_ms: 0.271746
      type: 'test'
      ...
    1..5
ok 1 - Kaspa Sompi exact parsing & conversion (no float precision loss)
  ---
  duration_ms: 3.774751
  type: 'test'
  ...
# Subtest: Ticket count bounded range (2..1000000) as local draft limits
    # Subtest: accepts boundary values and typical values
    ok 1 - accepts boundary values and typical values
      ---
      duration_ms: 0.252968
      type: 'test'
      ...
    # Subtest: rejects out of bound values
    ok 2 - rejects out of bound values
      ---
      duration_ms: 0.270453
      type: 'test'
      ...
    # Subtest: rejects floats, negatives, leading zeroes, non-integers
    ok 3 - rejects floats, negatives, leading zeroes, non-integers
      ---
      duration_ms: 0.294478
      type: 'test'
      ...
    1..3
ok 2 - Ticket count bounded range (2..1000000) as local draft limits
  ---
  duration_ms: 1.400279
  type: 'test'
  ...
# Subtest: Refund threshold DAA validation
    # Subtest: accepts positive integers within signed int64
    ok 1 - accepts positive integers within signed int64
      ---
      duration_ms: 0.158055
      type: 'test'
      ...
    # Subtest: rejects 0, negative, floats, or > MAX_INT64
    ok 2 - rejects 0, negative, floats, or > MAX_INT64
      ---
      duration_ms: 0.179076
      type: 'test'
      ...
    1..2
ok 3 - Refund threshold DAA validation
  ---
  duration_ms: 0.618839
  type: 'test'
  ...
# Subtest: Title bounded length
    # Subtest: accepts valid titles within 1..64 chars
    ok 1 - accepts valid titles within 1..64 chars
      ---
      duration_ms: 0.139169
      type: 'test'
      ...
    # Subtest: rejects empty or oversized titles
    ok 2 - rejects empty or oversized titles
      ---
      duration_ms: 0.138814
      type: 'test'
      ...
    1..2
ok 4 - Title bounded length
  ---
  duration_ms: 0.470614
  type: 'test'
  ...
# Subtest: Exact BigInt gross prize pool calculation
    # Subtest: computes exact prize pool sompi = price * tickets without float error
    ok 1 - computes exact prize pool sompi = price * tickets without float error
      ---
      duration_ms: 0.764368
      type: 'test'
      ...
    # Subtest: rejects pool exceeding int64 max
    ok 2 - rejects pool exceeding int64 max
      ---
      duration_ms: 0.13086
      type: 'test'
      ...
    1..2
ok 5 - Exact BigInt gross prize pool calculation
  ---
  duration_ms: 1.0722
  type: 'test'
  ...
# Subtest: Draft schema export and import round-trip
ok 6 - Draft schema export and import round-trip
  ---
  duration_ms: 0.918603
  type: 'test'
  ...
# Subtest: Draft import strict security and schema rejection
    # Subtest: rejects payload exceeding 64 KB
    ok 1 - rejects payload exceeding 64 KB
      ---
      duration_ms: 0.152484
      type: 'test'
      ...
    # Subtest: rejects drafts containing private keys or secret words
    ok 2 - rejects drafts containing private keys or secret words
      ---
      duration_ms: 0.285614
      type: 'test'
      ...
    # Subtest: rejects unknown schema or versions
    ok 3 - rejects unknown schema or versions
      ---
      duration_ms: 0.281087
      type: 'test'
      ...
    # Subtest: rejects unexpected top-level fields
    ok 4 - rejects unexpected top-level fields
      ---
      duration_ms: 0.22558
      type: 'test'
      ...
    # Subtest: rejects extra payload fields
    ok 5 - rejects extra payload fields
      ---
      duration_ms: 0.149156
      type: 'test'
      ...
    1..5
ok 7 - Draft import strict security and schema rejection
  ---
  duration_ms: 1.447367
  type: 'test'
  ...
# Subtest: single HTML delivery, deterministic build and non-destructive retention
ok 8 - single HTML delivery, deterministic build and non-destructive retention
  ---
  duration_ms: 105.560699
  type: 'test'
  ...
1..8
# tests 27
# suites 0
# pass 27
# fail 0
# cancelled 0
# skipped 0
# todo 0
# duration_ms 158.511897
